// Jest Snapshot v1, https://goo.gl/fbAQLP

exports[`the pizza data is correct 1`] = `
Array [
  Object {
    "desc": "The pan in which it is baked gives the pizza its characteristically high edge which provides ample space for large amounts of cheese and a chunky tomato sauce.",
    "id": 1,
    "image": "/images/chicago-pizza.jpg",
    "name": "Chicago Pizza",
    "price": 9,
  },
  Object {
    "desc": "TThis style of pizza is prepared with simple fresh ingredients; a basic dough, raw tomatoes, fresh mozzarella cheese, fresh basil and olive oil. A fantastic original pizza",
    "id": 2,
    "image": "/images/neopolitan-pizza.jpg",
    "name": "Neopolitan Pizza",
    "price": 7,
  },
  Object {
    "desc": "New York style pizza has slices that are large and wide with a thin crust this is foldable yet crispy. It is traditionally topped with tomato sauce and mozzarella cheese.",
    "id": 3,
    "image": "/images/ny-pizza.jpg",
    "name": "New York Pizza",
    "price": 8,
  },
  Object {
    "desc": "Traditional Sicilian pizza is often thick crusted and rectangular and topped with onions, anchovies, tomatoes, herbs and strong cheese such as caciocavallo and toma",
    "id": 4,
    "image": "/images/chicago-pizza.jpg",
    "name": "Sicilian Pizza",
    "price": 9,
  },
]
`;
